Drill report for wearable_v2.kicad_pcb
Created on 2026-09-17T23:34:35

Copper Layer Stackup:
    =============================================================
    L1 :  F.Cu                      front
    L2 :  In1.Cu                    in1
    L3 :  In2.Cu                    in2
    L4 :  B.Cu                      back


Drill file 'wearable_v2-PTH.drl' contains
    plated through holes:
    =============================================================
    T1  0.300mm  0.0118"  (29 holes))
    T2  0.400mm  0.0157"  (24 holes))
    T3  0.600mm  0.0236"  (4 holes)  (with 4 slots)

    Total plated holes count 57


Drill file 'wearable_v2-NPTH.drl' contains
    unplated through holes:
    =============================================================
    T1  0.650mm  0.0256"  (2 holes))
    T2  1.100mm  0.0433"  (2 holes))

    Total unplated holes count 4
